[aurahairstudio.ca/index.html]
[backblue.gif]
[fade.gif]
[index.html]
[aurahairstudio.ca/wp-content/themes/CustomTheme/fonts/main.woff2]
[aurahairstudio.ca/wp-content/themes/CustomTheme/fonts/main.woff]
[aurahairstudio.ca/wp-content/themes/CustomTheme/fonts/secondaryItalic.woff2]
[aurahairstudio.ca/wp-json/oembed/1.0/embedd196.json]
[aurahairstudio.ca/feed/index.html]
[aurahairstudio.ca/comments/feed/index.html]
[aurahairstudio.ca/wp-json/oembed/1.0/embed4552]
[aurahairstudio.ca/wp-content/themes/CustomTheme/assets/vendors/liquid-icon/lqd-essentials/fonts/lqd-essentials.woff2]
[aurahairstudio.ca/wp-content/plugins/reviews-feed/assets/css/sbr-styles.min747d.css]
[aurahairstudio.ca/wp-content/plugins/instagram-feed/css/sbi-styles.minf7be.css]
[aurahairstudio.ca/wp-includes/css/dist/components/style.minb34e.css]
[aurahairstudio.ca/wp-includes/css/dist/preferences/style.minb34e.css]
[aurahairstudio.ca/wp-includes/css/dist/block-editor/style.minb34e.css]
[aurahairstudio.ca/wp-content/plugins/popup-maker/dist/packages/block-library-style5828.css]
[aurahairstudio.ca/wp-content/plugins/cleantalk-spam-protect/css/cleantalk-public.min5ac1.css]
[aurahairstudio.ca/wp-content/plugins/cleantalk-spam-protect/css/cleantalk-email-decoder.min5ac1.css]
[aurahairstudio.ca/wp-content/plugins/cleantalk-spam-protect/css/cleantalk-trp.min5ac1.css]
[aurahairstudio.ca/wp-content/plugins/hub-core/extras/redux-framework/redux-core/assets/css/extendify-utilities130d.css]
[aurahairstudio.ca/wp-content/themes/CustomTheme/assets/vendors/bootstrap/css/bootstrap.min.css]
[aurahairstudio.ca/wp-content/themes/CustomTheme/style.css]
[aurahairstudio.ca/wp-content/themes/CustomTheme/assets/css/theme-responsive-min.minb34e.css]
[aurahairstudio.ca/wp-content/themes/CustomTheme/assets/css/theme.min.css]
[aurahairstudio.ca/wp-content/themes/CustomTheme/assets/css/theme-responsive-max.minb34e.css]
[aurahairstudio.ca/wp-content/plugins/liquid_js_composer/assets/css/js_composer.mine1b2.css]
[aurahairstudio.ca/wp-content/themes/CustomThemeChild/styleb34e.css]
[aurahairstudio.ca/wp-content/plugins/hub-core/assets/css/landinghub-core.minb34e.css]
[aurahairstudio.ca/wp-content/uploads/liquid-styles/liquid-responsive-1001650.css]
[aurahairstudio.ca/wp-includes/js/jquery/jquery.minf43b.js]
[aurahairstudio.ca/wp-includes/js/jquery/jquery-migrate.min5589.js]
[aurahairstudio.ca/wp-content/plugins/cleantalk-spam-protect/js/apbct-public-bundle.min5ac1.js]
[fd.cleantalk.org/ct-bot-detector-wrapperacb3.js]
[aurahairstudio.ca/wp-json/wp/v2/pages/37098.json]
[aurahairstudio.ca/wp-json/index.html]
[aurahairstudio.ca/wp-content/uploads/2024/10/aura-favicon.webp]
[aurahairstudio.ca/wp-content/uploads/2024/10/cropped-aura-hair-studio-1-32x32.png]
[aurahairstudio.ca/wp-content/uploads/2024/10/cropped-aura-hair-studio-1-192x192.png]
[aurahairstudio.ca/wp-content/uploads/2024/10/cropped-aura-hair-studio-1-180x180.png]
[aurahairstudio.ca/wp-content/uploads/2024/11/enhance-beauty-through-expertisee0a6.webp]
[aurahairstudio.ca/wp-content/uploads/2024/10/visit-and-experience89bd.webp]
[aurahairstudio.ca/wp-content/uploads/2024/10/aura-hair-studio.webp]
[aurahairstudio.ca/wp-content/uploads/2024/07/quote.jpg]
[aurahairstudio.ca/wp-content/uploads/2024/08/Toronto-wedding-photographer-5-scaled.jpg]
[aurahairstudio.ca/wp-content/uploads/2024/06/left.svg]
[aurahairstudio.ca/wp-content/uploads/2024/06/right.svg]
[aurahairstudio.ca/wp-content/plugins/liquid_js_composer/assets/lib/bower/font-awesome/css/v4-shims.mine1b2.css]
[aurahairstudio.ca/wp-content/plugins/liquid_js_composer/assets/lib/bower/font-awesome/css/all.mine1b2.css]
[aurahairstudio.ca/wp-content/themes/CustomTheme/assets/vendors/liquid-icon/lqd-essentials/lqd-essentials.min.css]
[aurahairstudio.ca/wp-content/themes/CustomTheme/assets/vendors/fresco/css/fresco.css]
[aurahairstudio.ca/wp-content/themes/CustomTheme/assets/vendors/jquery-ui/jquery-ui.css]
[aurahairstudio.ca/wp-content/uploads/2024/11/header-logo-aura.webp]
[aurahairstudio.ca/wp-content/uploads/2026/02/aura-hair-logo.webp]
[aurahairstudio.ca/wp-content/uploads/2024/10/black-hairs.webp]
[aurahairstudio.ca/portfolio/index.html]
[aurahairstudio.ca/about-us/index.html]
[aurahairstudio.ca/wp-content/uploads/2024/10/brown-hair.webp]
[aurahairstudio.ca/womens-hair-services-innisfil/index.html]
[aurahairstudio.ca/wp-content/uploads/2024/10/curl-hair-style.webp]
[aurahairstudio.ca/faq/index.html]
[aurahairstudio.ca/wp-content/uploads/2024/10/dark-brown-hairs.webp]
[aurahairstudio.ca/wp-content/uploads/2024/10/grey-hairs.webp]
[aurahairstudio.ca/blog/index.html]
[aurahairstudio.ca/wp-content/uploads/2024/10/light-golden-hairs.webp]
[aurahairstudio.ca/contact-us/index.html]
[aurahairstudio.ca/wp-content/uploads/2024/10/new-hair-colors.webp]
[aurahairstudio.ca/wp-content/uploads/2024/10/hair-style.webp]
[cdnjs.cloudflare.com/ajax/libs/Swiper/4.2.0/css/swiper.css]
[cdnjs.cloudflare.com/ajax/libs/jquery/3.3.1/jquery.min.js]
[cdnjs.cloudflare.com/ajax/libs/Swiper/4.2.0/js/swiper.js]
[aurahairstudio.ca/wp-content/uploads/2024/10/SV-54.webp]
[aurahairstudio.ca/wp-content/uploads/2024/10/shutterstock_2085432643.webp]
[aurahairstudio.ca/wp-content/uploads/2024/10/IMG_2402.webp]
[aurahairstudio.ca/wp-content/uploads/2024/10/FullSizeRender-1.webp]
[aurahairstudio.ca/wp-content/uploads/2024/11/hair-stylist-barrie.webp]
[aurahairstudio.ca/wp-content/uploads/2025/11/briana-hair-stylist-barrie.webp]
[aurahairstudio.ca/wp-content/uploads/2026/03/shutterstock_2439463881.webp]
[aurahairstudio.ca/wp-content/uploads/2026/03/Screenshot-2026-03-10-at-22.26.42.webp]
[aurahairstudio.ca/wp-content/uploads/2026/03/SV-34.webp]
[aurahairstudio.ca/wp-content/uploads/2026/04/styling-women-short-hair-720x400.webp]
[aurahairstudio.ca/wp-content/uploads/2026/03/curly-hair-commandments-720x400.webp]
[aurahairstudio.ca/wp-content/uploads/2026/03/women-blonde-hair-portrait-720x400.webp]
[aurahairstudio.ca/wp-content/uploads/2024/10/Screenshot-2024-10-18-at-18.14.55.webp]
[aurahairstudio.ca/tips-for-styling-womens-short-hair/index.html]
[aurahairstudio.ca/curly-hair-tips-from-innisfils-best-stylists/index.html]
[aurahairstudio.ca/wp-content/plugins/hub-core/shortcodes/header-woo-search/header-woo-search8a54.js]
[aurahairstudio.ca/how-to-maintain-your-blonde-hair-between-salon-visits/index.html]
[aurahairstudio.ca/wp-content/themes/CustomTheme/assets/vendors/gsap/utils/SplitText.min.js]
[aurahairstudio.ca/wp-content/themes/CustomTheme/assets/vendors/fresco/js/fresco.js]
[aurahairstudio.ca/wp-content/themes/CustomTheme/assets/vendors/lity/lity.min.js]
[aurahairstudio.ca/wp-content/plugins/liquid_js_composer/assets/js/dist/js_composer_front.mine1b2.js]
[aurahairstudio.ca/wp-content/themes/CustomTheme/assets/vendors/flickity/flickity.pkgd.min.js]
[aurahairstudio.ca/wp-content/themes/CustomTheme/assets/vendors/flickity/flickity-fade.min.js]
[aurahairstudio.ca/wp-content/plugins/liquid_js_composer/assets/lib/bower/isotope/dist/isotope.pkgd.mine1b2.js]
[aurahairstudio.ca/wp-content/themes/CustomTheme/assets/vendors/isotope/packery-mode.pkgd.min.js]
[aurahairstudio.ca/wp-content/themes/CustomTheme/assets/vendors/fastdom/fastdom.min.js]
[aurahairstudio.ca/wp-content/themes/CustomTheme/assets/vendors/bootstrap/js/bootstrap.min.js]
[aurahairstudio.ca/wp-includes/js/imagesloaded.minbb93.js]
[aurahairstudio.ca/wp-content/themes/CustomTheme/assets/vendors/jquery-ui/jquery-ui.min.js]
[aurahairstudio.ca/wp-content/themes/CustomTheme/assets/vendors/gsap/minified/gsap.min.js]
[aurahairstudio.ca/wp-content/themes/CustomTheme/assets/vendors/gsap/minified/ScrollTrigger.min.js]
[aurahairstudio.ca/wp-content/themes/CustomTheme/assets/vendors/fontfaceobserver.js]
[aurahairstudio.ca/wp-content/themes/CustomTheme/assets/vendors/intersection-observer.js]
[aurahairstudio.ca/wp-content/themes/CustomTheme/assets/vendors/tinycolor-min.js]
[aurahairstudio.ca/index.html]
[aurahairstudio.ca/wp-content/themes/CustomTheme/assets/js/theme.min.js]
[aurahairstudio.ca/wp-content/plugins/reviews-feed/assets/images/sprite.png]
[aurahairstudio.ca/wp-content/plugins/reviews-feed/assets/images/close.png]
[aurahairstudio.ca/wp-content/plugins/reviews-feed/assets/css/sbr-styles.min747d.css]
[aurahairstudio.ca/wp-content/plugins/instagram-feed/img/sbi-sprite.png]
[aurahairstudio.ca/wp-content/plugins/instagram-feed/css/sbi-styles.minf7be.css]
[aurahairstudio.ca/wp-includes/css/dist/components/style.minb34e.css]
[aurahairstudio.ca/wp-includes/css/dist/preferences/style.minb34e.css]
[aurahairstudio.ca/wp-includes/css/dist/block-editor/style.minb34e.css]
[aurahairstudio.ca/wp-content/plugins/popup-maker/dist/packages/block-library-style5828.css]
[aurahairstudio.ca/wp-content/plugins/cleantalk-spam-protect/css/images/checking_email.gif]
[aurahairstudio.ca/wp-content/plugins/cleantalk-spam-protect/css/images/good_email.svg]
[aurahairstudio.ca/wp-content/plugins/cleantalk-spam-protect/css/cleantalk-public.min5ac1.css]
[aurahairstudio.ca/wp-content/plugins/cleantalk-spam-protect/css/cleantalk-email-decoder.min5ac1.css]
[aurahairstudio.ca/wp-content/plugins/cleantalk-spam-protect/css/cleantalk-trp.min5ac1.css]
[aurahairstudio.ca/wp-content/plugins/hub-core/extras/redux-framework/redux-core/assets/css/extendify-utilities130d.css]
[aurahairstudio.ca/wp-content/themes/CustomTheme/assets/vendors/bootstrap/css/bootstrap.min.css]
[aurahairstudio.ca/wp-content/themes/CustomTheme/style.css]
[aurahairstudio.ca/wp-content/plugins/cleantalk-spam-protect/css/images/bad_email.svg]
[aurahairstudio.ca/wp-content/themes/CustomTheme/assets/img/spinners/spinner-1.gif]
[aurahairstudio.ca/wp-content/themes/CustomTheme/assets/css/theme.min.css]
[aurahairstudio.ca/wp-content/themes/CustomTheme/assets/css/theme-responsive-min.minb34e.css]
[aurahairstudio.ca/wp-content/themes/CustomTheme/assets/css/theme-responsive-max.minb34e.css]
[aurahairstudio.ca/wp-content/plugins/liquid_js_composer/assets/liquid/logo/liquid-logo.svg]
[aurahairstudio.ca/wp-content/plugins/liquid_js_composer/assets/liquid/logo/liquid-logo-white.svg]
[aurahairstudio.ca/wp-content/plugins/liquid_js_composer/assets/vc/loaders/spinner.svg]
[aurahairstudio.ca/wp-content/plugins/liquid_js_composer/assets/vc/loaders/spinner-light.svg]
[aurahairstudio.ca/wp-content/plugins/liquid_js_composer/assets/fonts/vc_icons_v2/fonts/vcpb-plugin-iconsb82a.eot]
[aurahairstudio.ca/wp-content/plugins/liquid_js_composer/assets/fonts/vc_icons_v2/fonts/vcpb-plugin-iconsb82a.ttf]
[aurahairstudio.ca/wp-content/plugins/liquid_js_composer/assets/fonts/vc_icons_v2/fonts/vcpb-plugin-iconsb82a.woff]
[aurahairstudio.ca/wp-content/plugins/liquid_js_composer/assets/fonts/vc_icons_v2/fonts/vcpb-plugin-iconsb82a.svg]
[aurahairstudio.ca/wp-content/plugins/liquid_js_composer/assets/images/toggle_open.png]
[aurahairstudio.ca/wp-content/plugins/liquid_js_composer/assets/images/toggle_close.png]
[aurahairstudio.ca/wp-content/plugins/liquid_js_composer/assets/images/flickr.png]
[aurahairstudio.ca/wp-content/plugins/liquid_js_composer/assets/vc/blur.svg]
[aurahairstudio.ca/wp-content/plugins/liquid_js_composer/assets/images/spinner.gif]
[aurahairstudio.ca/wp-content/plugins/liquid_js_composer/assets/vc/tick.png]
[aurahairstudio.ca/wp-content/plugins/liquid_js_composer/assets/vc/remove.png]
[aurahairstudio.ca/wp-content/plugins/liquid_js_composer/assets/css/js_composer.mine1b2.css]
[aurahairstudio.ca/wp-content/themes/CustomThemeChild/styleb34e.css]
[aurahairstudio.ca/wp-content/plugins/hub-core/assets/css/landinghub-core.minb34e.css]
[aurahairstudio.ca/wp-content/uploads/liquid-styles/liquid-responsive-1001650.css]
[aurahairstudio.ca/wp-content/uploads/2024/07/quote.html]
[aurahairstudio.ca/wp-content/uploads/2024/08/Toronto-wedding-photographer-5-scaled.html]
[aurahairstudio.ca/wp-content/uploads/2024/06/left.html]
[aurahairstudio.ca/wp-content/uploads/2024/06/right.html]
[aurahairstudio.ca/wp-content/plugins/liquid_js_composer/assets/lib/bower/font-awesome/css/v4-shims.mine1b2.css]
[aurahairstudio.ca/wp-content/plugins/liquid_js_composer/assets/lib/bower/font-awesome/webfonts/fa-brands-400.eot]
[aurahairstudio.ca/wp-content/plugins/liquid_js_composer/assets/lib/bower/font-awesome/webfonts/fa-brands-400d41d.eot]
[aurahairstudio.ca/wp-content/plugins/liquid_js_composer/assets/lib/bower/font-awesome/webfonts/fa-brands-400.woff2]
[aurahairstudio.ca/wp-content/plugins/liquid_js_composer/assets/lib/bower/font-awesome/webfonts/fa-brands-400.woff]
[aurahairstudio.ca/wp-content/plugins/liquid_js_composer/assets/lib/bower/font-awesome/webfonts/fa-brands-400.ttf]
[aurahairstudio.ca/wp-content/plugins/liquid_js_composer/assets/lib/bower/font-awesome/webfonts/fa-regular-400.eot]
[aurahairstudio.ca/wp-content/plugins/liquid_js_composer/assets/lib/bower/font-awesome/webfonts/fa-regular-400d41d.eot]
[aurahairstudio.ca/wp-content/plugins/liquid_js_composer/assets/lib/bower/font-awesome/webfonts/fa-brands-400.svg]
[aurahairstudio.ca/wp-content/plugins/liquid_js_composer/assets/lib/bower/font-awesome/webfonts/fa-regular-400.woff2]
[aurahairstudio.ca/wp-content/plugins/liquid_js_composer/assets/lib/bower/font-awesome/webfonts/fa-regular-400.woff]
[aurahairstudio.ca/wp-content/plugins/liquid_js_composer/assets/lib/bower/font-awesome/webfonts/fa-regular-400.ttf]
[aurahairstudio.ca/wp-content/plugins/liquid_js_composer/assets/lib/bower/font-awesome/webfonts/fa-regular-400.svg]
[aurahairstudio.ca/wp-content/plugins/liquid_js_composer/assets/lib/bower/font-awesome/webfonts/fa-solid-900.eot]
[aurahairstudio.ca/wp-content/plugins/liquid_js_composer/assets/lib/bower/font-awesome/webfonts/fa-solid-900d41d.eot]
[aurahairstudio.ca/wp-content/plugins/liquid_js_composer/assets/lib/bower/font-awesome/webfonts/fa-solid-900.woff2]
[aurahairstudio.ca/wp-content/plugins/liquid_js_composer/assets/lib/bower/font-awesome/webfonts/fa-solid-900.woff]
[aurahairstudio.ca/wp-content/plugins/liquid_js_composer/assets/lib/bower/font-awesome/webfonts/fa-solid-900.ttf]
[aurahairstudio.ca/wp-content/plugins/liquid_js_composer/assets/lib/bower/font-awesome/css/all.mine1b2.css]
[aurahairstudio.ca/wp-content/themes/CustomTheme/assets/vendors/liquid-icon/lqd-essentials/lqd-essentials.min.css]
[aurahairstudio.ca/wp-content/themes/CustomTheme/assets/vendors/fresco/fresco-skins/sprite.svg]
[aurahairstudio.ca/wp-content/themes/CustomTheme/assets/vendors/fresco/fresco-skins/sprite.png]
[aurahairstudio.ca/wp-content/themes/CustomTheme/assets/vendors/fresco/css/fresco.css]
[aurahairstudio.ca/wp-content/plugins/liquid_js_composer/assets/lib/bower/font-awesome/webfonts/fa-solid-900.svg]
[aurahairstudio.ca/wp-content/themes/CustomTheme/assets/vendors/jquery-ui/images/ui-icons_444444_256x240.png]
[aurahairstudio.ca/wp-content/themes/CustomTheme/assets/vendors/jquery-ui/images/ui-icons_555555_256x240.png]
[aurahairstudio.ca/wp-content/themes/CustomTheme/assets/vendors/jquery-ui/images/ui-icons_ffffff_256x240.png]
[aurahairstudio.ca/wp-content/themes/CustomTheme/assets/vendors/jquery-ui/images/ui-icons_777620_256x240.png]
[aurahairstudio.ca/wp-content/themes/CustomTheme/assets/vendors/jquery-ui/images/ui-icons_cc0000_256x240.png]
[aurahairstudio.ca/wp-content/themes/CustomTheme/assets/vendors/jquery-ui/images/ui-icons_777777_256x240.png]
[aurahairstudio.ca/wp-content/themes/CustomTheme/assets/vendors/jquery-ui/jquery-ui.css]
[aurahairstudio.ca/wp-json/oembed/1.0/embedcdb7.json]
[aurahairstudio.ca/wp-json/oembed/1.0/embedde4c]
[aurahairstudio.ca/wp-json/wp/v2/pages/33461.json]
[aurahairstudio.ca/wp-content/uploads/2024/10/shutterstock_20593646156762.webp]
[aurahairstudio.ca/wp-content/uploads/2024/10/light-brown-hairs-color.webp]
[aurahairstudio.ca/wp-content/uploads/2024/10/light-brown-hair-color.webp]
[aurahairstudio.ca/wp-content/uploads/2024/10/hair-style-brown.webp]
[aurahairstudio.ca/wp-content/uploads/2024/10/golden-hair-color.webp]
[aurahairstudio.ca/wp-content/uploads/2024/10/dark-brown-hair-color.webp]
[aurahairstudio.ca/wp-content/uploads/2024/10/curl-hair-cutting.webp]
[aurahairstudio.ca/wp-content/uploads/2024/10/curl-hair-cut.webp]
[aurahairstudio.ca/wp-content/uploads/2024/10/black-hair-color.webp]
[aurahairstudio.ca/wp-content/uploads/2024/10/IMG_2123.webp]
[aurahairstudio.ca/wp-content/uploads/2024/10/69052109-B82F-46A4-B3EC-DA6574CE838B.webp]
[aurahairstudio.ca/wp-content/uploads/2024/10/IMG_2402-1.webp]
[aurahairstudio.ca/wp-content/uploads/2024/10/SV-54-1.webp]
[aurahairstudio.ca/portfolio/index.html]
[aurahairstudio.ca/wp-json/oembed/1.0/embed2d29.json]
[aurahairstudio.ca/wp-json/oembed/1.0/embedd5eb]
[aurahairstudio.ca/wp-json/wp/v2/pages/33463.json]
[aurahairstudio.ca/wp-content/uploads/2024/10/SV-4b349.webp]
[aurahairstudio.ca/about-us/index.html]
[aurahairstudio.ca/wp-json/oembed/1.0/embedaa0d.json]
[aurahairstudio.ca/wp-json/oembed/1.0/embedb698]
[aurahairstudio.ca/wp-json/wp/v2/pages/22816.json]
[aurahairstudio.ca/wp-content/uploads/2024/10/shutterstock_1670721052c0d4.webp]
[aurahairstudio.ca/faq/index.html]
[aurahairstudio.ca/wp-json/oembed/1.0/embed2e8b.json]
[aurahairstudio.ca/wp-json/oembed/1.0/embed7021]
[aurahairstudio.ca/wp-json/wp/v2/pages/60744.json]
[aurahairstudio.ca/wp-content/uploads/2024/10/SV-446446.webp]
[aurahairstudio.ca/wp-content/uploads/2024/10/Haircuts.webp]
[aurahairstudio.ca/wp-content/uploads/2024/10/Screenshot-2024-10-17-at-23.07.32.webp]
[aurahairstudio.ca/wp-content/uploads/2024/10/Screenshot-2024-10-17-at-23.49.41.webp]
[aurahairstudio.ca/wp-content/uploads/2024/10/SV-40.webp]
[aurahairstudio.ca/wp-content/uploads/2024/10/SV-33-1.webp]
[aurahairstudio.ca/wp-content/uploads/2024/10/regrowth-colour.webp]
[aurahairstudio.ca/wp-content/uploads/2024/10/SV-41-1.webp]
[aurahairstudio.ca/wp-content/uploads/2024/10/shutterstock_2411816611.webp]
[aurahairstudio.ca/wp-content/uploads/2024/10/halfup_67-1.webp]
[aurahairstudio.ca/wp-content/uploads/2024/10/IMG_1888-20.52.26.webp]
[aurahairstudio.ca/wp-content/uploads/2024/10/6f8132_fe05e7d64d5c48c9a36b7cb8e4d8a64amv2.webp]
[aurahairstudio.ca/wp-content/uploads/2024/10/hair-cuts-and-styling.webp]
[aurahairstudio.ca/wp-content/uploads/2024/10/hair-coloring.webp]
[aurahairstudio.ca/wp-content/uploads/2024/10/hair-spa-treatment.webp]
[aurahairstudio.ca/womens-hair-services-innisfil/index.html]
[aurahairstudio.ca/wp-json/oembed/1.0/embed1f39.json]
[aurahairstudio.ca/wp-json/oembed/1.0/embed7759]
[aurahairstudio.ca/wp-json/wp/v2/pages/65.json]
[aurahairstudio.ca/wp-content/uploads/2024/10/shutterstock_19224114143dbc.webp]
[aurahairstudio.ca/wp-content/uploads/2026/02/woman-different-hair-colors-banner-720x400.webp]
[aurahairstudio.ca/wp-content/uploads/2026/02/hair-styling-for-the-women-720x400.webp]
[aurahairstudio.ca/wp-content/uploads/2026/02/thick-curly-hair-720x400.webp]
[aurahairstudio.ca/2026s-hottest-hair-colours-spotted/index.html]
[aurahairstudio.ca/wp-content/uploads/2026/02/bridal-hair-trial-720x400.webp]
[aurahairstudio.ca/wp-content/uploads/2025/12/hair-studio-720x400.webp]
[aurahairstudio.ca/how-much-is-hair-styling-for-women-in-innisfil/index.html]
[aurahairstudio.ca/wp-content/uploads/2025/12/women-hairstyle-for-the-new-year​-720x400.webp]
[aurahairstudio.ca/what-are-the-best-haircuts-for-thick-curly-hair/index.html]
[aurahairstudio.ca/wp-content/uploads/2025/11/hair-coloring-shades-720x400.webp]
[aurahairstudio.ca/bridal-hair-trials-how-to-prep-for-your-big-day/index.html]
[aurahairstudio.ca/wp-content/uploads/2025/11/choose-a-haircut-720x400.webp]
[aurahairstudio.ca/what-makes-aura-different-from-other-hair-salons-in-innisfil/index.html]
[aurahairstudio.ca/wp-content/uploads/2025/10/sos-for-damaged-hair-720x400.webp]
[aurahairstudio.ca/blog/index.html]
[aurahairstudio.ca/5-hairstyles-for-the-new-year/index.html]
[aurahairstudio.ca/how-much-does-colouring-your-hair-cost/index.html]
[aurahairstudio.ca/how-to-choose-a-haircut-that-suits-you/index.html]
[aurahairstudio.ca/sos-for-damaged-hair-spa-treatments-that-actually-work/index.html]
[aurahairstudio.ca/blog/page/2/index.html]
[aurahairstudio.ca/wp-json/oembed/1.0/embeda25b.json]
[aurahairstudio.ca/wp-json/oembed/1.0/embed877e]
[aurahairstudio.ca/blog/page/3/index.html]
[aurahairstudio.ca/wp-json/wp/v2/pages/33462.json]
[aurahairstudio.ca/wp-content/uploads/2024/10/shutterstock_2197793759eca9.webp]
[aurahairstudio.ca/contact-us/index.html]
[cdnjs.cloudflare.com/ajax/libs/Swiper/4.2.0/css/swiper.css]
[aurahairstudio.ca/wp-content/themes/CustomTheme/assets/vendors/vivus.min.js]
[aurahairstudio.ca/wp-json/oembed/1.0/embed7a3b.json]
[aurahairstudio.ca/wp-json/oembed/1.0/embedd1dc]
[aurahairstudio.ca/wp-json/wp/v2/posts/63616.json]
[aurahairstudio.ca/wp-content/uploads/2026/04/styling-women-short-hair.webp]
[aurahairstudio.ca/wp-content/uploads/2026/04/regularly-styling-women-short-hairs.webp]
[aurahairstudio.ca/wp-content/uploads/2026/04/blow-drying-styling-women-short-hair.webp]
[aurahairstudio.ca/author/daniel/index.html]
[aurahairstudio.ca/wp-content/uploads/2026/04/woman-short-hair-routine-maintenance.webp]
[aurahairstudio.ca/wp-content/uploads/2026/02/hair-styling-for-the-women.webp]
[aurahairstudio.ca/category/women-hair-style/index.html]
[aurahairstudio.ca/tips-for-styling-womens-short-hair/index.html]
[aurahairstudio.ca/how-to-maintain-hair-extensions/index.html]
[aurahairstudio.ca/tag/styling-short-hair/index.html]
[aurahairstudio.ca/wp-json/oembed/1.0/embedaacd.json]
[aurahairstudio.ca/wp-json/oembed/1.0/embed6e04]
[aurahairstudio.ca/wp-json/wp/v2/posts/63602.json]
[aurahairstudio.ca/wp-content/uploads/2026/03/curly-hair-commandments.webp]
[aurahairstudio.ca/wp-content/uploads/2026/03/curly-hair-detangle.webp]
[aurahairstudio.ca/wp-content/uploads/2026/03/curly-hair-trimming.webp]
[aurahairstudio.ca/category/hair-care/index.html]
[aurahairstudio.ca/wp-content/uploads/2026/03/curly-hair-regular-cleaning-and-conditioning.webp]
[aurahairstudio.ca/wp-content/uploads/2026/03/women-blonde-hair-portrait.webp]
[aurahairstudio.ca/curly-hair-tips-from-innisfils-best-stylists/index.html]
[aurahairstudio.ca/tag/curly-hair-tips/index.html]
[aurahairstudio.ca/wp-json/oembed/1.0/embed8a16.json]
[aurahairstudio.ca/wp-json/oembed/1.0/embedd179]
[aurahairstudio.ca/wp-json/wp/v2/posts/63599.json]
[aurahairstudio.ca/wp-content/uploads/2026/03/deep-conditioning-for-blonde-hair.webp]
[aurahairstudio.ca/wp-content/uploads/2026/03/hair-products-for-blonde-hair.webp]
[aurahairstudio.ca/how-to-maintain-your-blonde-hair-between-salon-visits/index.html]
[aurahairstudio.ca/wp-admin/admin-ajax.html]
[aurahairstudio.ca/wp-content/plugins/cleantalk-spam-protect/css/images/good_email.svg]
[aurahairstudio.ca/wp-content/plugins/cleantalk-spam-protect/css/images/bad_email.svg]
[aurahairstudio.ca/wp-content/plugins/liquid_js_composer/assets/liquid/logo/liquid-logo.svg]
[aurahairstudio.ca/wp-content/plugins/liquid_js_composer/assets/liquid/logo/liquid-logo-white.svg]
[aurahairstudio.ca/wp-content/plugins/liquid_js_composer/assets/vc/loaders/spinner.svg]
[aurahairstudio.ca/wp-content/plugins/liquid_js_composer/assets/vc/loaders/spinner-light.svg]
[aurahairstudio.ca/wp-content/plugins/liquid_js_composer/assets/fonts/vc_icons_v2/fonts/vcpb-plugin-iconsb82a.svg]
[aurahairstudio.ca/wp-content/plugins/liquid_js_composer/assets/images/toggle_open.html]
[aurahairstudio.ca/wp-content/plugins/liquid_js_composer/assets/images/toggle_close.html]
[aurahairstudio.ca/wp-content/plugins/liquid_js_composer/assets/images/flickr.html]
[aurahairstudio.ca/wp-content/plugins/liquid_js_composer/assets/vc/blur.html]
[aurahairstudio.ca/wp-content/plugins/liquid_js_composer/assets/vc/tick.html]
[aurahairstudio.ca/wp-content/plugins/liquid_js_composer/assets/vc/remove.html]
[aurahairstudio.ca/wp-content/plugins/liquid_js_composer/assets/lib/bower/font-awesome/webfonts/fa-brands-400.svg]
[aurahairstudio.ca/wp-content/plugins/liquid_js_composer/assets/lib/bower/font-awesome/webfonts/fa-regular-400.svg]
[aurahairstudio.ca/wp-content/plugins/liquid_js_composer/assets/lib/bower/font-awesome/webfonts/fa-solid-900.svg]
[aurahairstudio.ca/wp-content/themes/CustomTheme/assets/vendors/fresco/fresco-skins/sprite.svg]
[aurahairstudio.ca/index86bf.html]
[aurahairstudio.ca/indexd898.html]
[aurahairstudio.ca/indexe954.html]
[aurahairstudio.ca/indexb38f.html]
[aurahairstudio.ca/index7665.html]
[aurahairstudio.ca/balayage-vs-ombre-which-trendy-look-to-choose-for-this-summer/index.html]
[aurahairstudio.ca/tag/maintain-blonde-hair/index.html]
[aurahairstudio.ca/how-to-choose-the-right-hair-colour-for-your-skin-tone/index.html]
[aurahairstudio.ca/wp-json/oembed/1.0/embed2de6.json]
[aurahairstudio.ca/wp-json/oembed/1.0/embed3d3b]
[aurahairstudio.ca/wp-json/wp/v2/posts/63502.json]
[aurahairstudio.ca/wp-content/uploads/2026/02/woman-different-hair-colors-banner.webp]
[aurahairstudio.ca/wp-content/uploads/2026/02/soft-espresso-brunette-hair-color-200x300.webp]
[aurahairstudio.ca/wp-content/uploads/2026/02/golden-butter-blonde-hair-color-200x300.webp]
[aurahairstudio.ca/wp-content/uploads/2026/02/cherry-cola-red-hair-color-200x300.webp]
[aurahairstudio.ca/wp-content/uploads/2026/02/dimensional-mushroom-brown-hair-color-200x300.webp]
[aurahairstudio.ca/category/hair-color/index.html]
[aurahairstudio.ca/wp-content/uploads/2026/02/honey-caramel-balayage-hair-color-200x300.webp]
[aurahairstudio.ca/wp-content/uploads/2026/02/high-gloss-black-hair-color-200x300.webp]
[aurahairstudio.ca/wp-content/uploads/2026/02/face-framing-colour-accents-200x300.webp]
[aurahairstudio.ca/wp-content/uploads/2026/02/choosing-the-hair-colour.webp]
[aurahairstudio.ca/wp-content/uploads/2025/11/hair-coloring-shades.webp]
[aurahairstudio.ca/wp-content/uploads/2025/06/four-diverse-women-with-different-colored-hair-and-body-types-are-holding-hands-while-standing-with-their-backs.webp]
[aurahairstudio.ca/2026s-hottest-hair-colours-spotted/index.html]
[aurahairstudio.ca/tag/hair-colour-trends-in-2026/index.html]
[aurahairstudio.ca/wp-json/oembed/1.0/embedf60a.json]
[aurahairstudio.ca/wp-json/oembed/1.0/embeda434]
[aurahairstudio.ca/wp-json/wp/v2/posts/63496.json]
[aurahairstudio.ca/wp-content/uploads/2026/02/hair-styling-soft-waves.webp]
[aurahairstudio.ca/wp-content/uploads/2026/02/professional-hair-styling-for-women.webp]
[aurahairstudio.ca/wp-content/uploads/2026/02/right-hair-style-for-skin-tone-and-features.webp]
[aurahairstudio.ca/how-much-is-hair-styling-for-women-in-innisfil/index.html]
[aurahairstudio.ca/how-much-does-a-professional-blowout-cost-in-innisfil/index.html]
[aurahairstudio.ca/wp-json/oembed/1.0/embedd841.json]
[aurahairstudio.ca/tag/hair-styling-costs/index.html]
[aurahairstudio.ca/wp-json/oembed/1.0/embedc7ad]
[aurahairstudio.ca/wp-json/wp/v2/posts/63485.json]
[aurahairstudio.ca/wp-content/uploads/2026/02/thick-curly-hair.webp]
[aurahairstudio.ca/wp-content/uploads/2026/02/curly-bob-for-thick-hair.webp]
[aurahairstudio.ca/category/women-haircut/index.html]
[aurahairstudio.ca/wp-content/uploads/2026/02/tapered-cuts-for-thick-curly-hair.webp]
[aurahairstudio.ca/what-are-layered-haircuts/index.html]
[aurahairstudio.ca/wp-content/uploads/2026/02/professional-thick-curly-hair-maintenance.webp]
[aurahairstudio.ca/wp-content/uploads/2025/12/women-hairstyle-for-the-new-year​.webp]
[aurahairstudio.ca/the-best-haircuts-for-your-face-shape/index.html]
[aurahairstudio.ca/tag/thick-curly-hair/index.html]
[aurahairstudio.ca/wp-content/uploads/2025/11/choose-a-haircut.webp]
[aurahairstudio.ca/what-are-the-best-haircuts-for-thick-curly-hair/index.html]
[aurahairstudio.ca/wp-json/oembed/1.0/embed8ee2.json]
[aurahairstudio.ca/wp-json/oembed/1.0/embeddd57]
[aurahairstudio.ca/wp-json/wp/v2/posts/63484.json]
[aurahairstudio.ca/wp-content/uploads/2026/02/bridal-hair-trial.webp]
[aurahairstudio.ca/wp-content/uploads/2026/02/bride-clean-and-dry-hair.webp]
[aurahairstudio.ca/wp-content/uploads/2026/02/bridal-hairstyle.webp]
[aurahairstudio.ca/category/blog-categories/index.html]
[aurahairstudio.ca/wp-content/uploads/2025/12/hair-studio.webp]
[aurahairstudio.ca/tag/bridal-hair-trials/index.html]
[aurahairstudio.ca/wp-content/uploads/2025/10/hair-extension-maintenance.webp]
[aurahairstudio.ca/bridal-hair-trials-how-to-prep-for-your-big-day/index.html]
[aurahairstudio.ca/wp-json/oembed/1.0/embed4c51.json]
[aurahairstudio.ca/wp-json/oembed/1.0/embede838]
[aurahairstudio.ca/wp-json/wp/v2/posts/63463.json]
[aurahairstudio.ca/wp-content/uploads/2025/12/hair-color-selection.webp]
[aurahairstudio.ca/wp-content/uploads/2025/12/hair-salon-experience.webp]
[aurahairstudio.ca/what-makes-aura-different-from-other-hair-salons-in-innisfil/index.html]
[aurahairstudio.ca/how-much-is-a-haircut-in-innisfil/index.html]
[aurahairstudio.ca/wp-json/oembed/1.0/embed6a6a.json]
[aurahairstudio.ca/wp-json/oembed/1.0/embede3bc]
[aurahairstudio.ca/tag/aura-hair-studio-in-innisfil/index.html]
[aurahairstudio.ca/wp-json/wp/v2/posts/63453.json]
[aurahairstudio.ca/wp-content/uploads/2025/12/soft-layered-long-hair.webp]
[aurahairstudio.ca/wp-content/uploads/2025/12/regular-hair-trimming.webp]
[aurahairstudio.ca/5-hairstyles-for-the-new-year/index.html]
[aurahairstudio.ca/how-often-should-you-get-a-haircut/index.html]
[aurahairstudio.ca/10-most-requested-haircuts-in-2025/index.html]
[aurahairstudio.ca/wp-json/oembed/1.0/embed61ab.json]
[aurahairstudio.ca/tag/new-year-hairstyles/index.html]
[aurahairstudio.ca/wp-json/oembed/1.0/embedbd61]
[aurahairstudio.ca/wp-json/wp/v2/posts/63445.json]
[aurahairstudio.ca/wp-content/uploads/2025/11/applying-hair-color.webp]
[aurahairstudio.ca/wp-content/uploads/2025/11/hair-color-selection.webp]
[aurahairstudio.ca/wp-content/uploads/2025/11/hair-color-cost.webp]
[aurahairstudio.ca/how-much-does-colouring-your-hair-cost/index.html]
[aurahairstudio.ca/wp-json/oembed/1.0/embedf178.json]
[aurahairstudio.ca/tag/cost-of-hair-colouring/index.html]
[aurahairstudio.ca/wp-json/oembed/1.0/embeddf22]
[aurahairstudio.ca/wp-json/wp/v2/posts/63439.json]
[aurahairstudio.ca/wp-content/uploads/2025/11/women-layers-haircut.webp]
[aurahairstudio.ca/wp-content/uploads/2025/11/haircut-long-bob.webp]
[aurahairstudio.ca/how-to-choose-a-haircut-that-suits-you/index.html]
[aurahairstudio.ca/wp-json/oembed/1.0/embed808b.json]
[aurahairstudio.ca/tag/choose-a-haircut/index.html]
[aurahairstudio.ca/wp-json/oembed/1.0/embed0f65]
[aurahairstudio.ca/wp-json/wp/v2/posts/63403.json]
[aurahairstudio.ca/wp-content/uploads/2025/10/sos-for-damaged-hair.webp]
[aurahairstudio.ca/wp-content/uploads/2025/10/deep-moisture-treatment.webp]
[aurahairstudio.ca/wp-content/uploads/2025/10/your-hair-deserves-professional-rescue.webp]
[aurahairstudio.ca/sos-for-damaged-hair-spa-treatments-that-actually-work/index.html]
[aurahairstudio.ca/category/uncategorized/index.html]
[aurahairstudio.ca/wp-content/uploads/2025/10/layered-haircuts-720x400.webp]
[aurahairstudio.ca/what-to-expect-during-a-keratin-treatment/index.html]
[aurahairstudio.ca/wp-content/uploads/2025/10/hair-extension-maintenance-720x400.webp]
[aurahairstudio.ca/tag/sos-for-damaged-hair/index.html]
[aurahairstudio.ca/wp-content/uploads/2025/09/professional-blowout-cost-in-innisfil-720x400.webp]
[aurahairstudio.ca/wp-content/uploads/2025/08/extensions-101-720x400.webp]
[aurahairstudio.ca/wp-content/uploads/2025/08/expect-during-a-keratin-treatment-720x400.webp]
[aurahairstudio.ca/wp-content/uploads/2025/07/trendy-look-to-choose-for-this-summer-720x400.webp]
[aurahairstudio.ca/wp-content/uploads/2025/07/get-a-haircut-720x400.webp]
[aurahairstudio.ca/wp-content/uploads/2025/07/haircut-in-innisfil-720x400.webp]
[aurahairstudio.ca/wp-content/uploads/2025/06/four-diverse-women-with-different-colored-hair-and-body-types-are-holding-hands-while-standing-with-their-backs-720x400.webp]
[aurahairstudio.ca/extensions-101-which-type-is-best-for-you/index.html]
[aurahairstudio.ca/wp-content/uploads/2025/05/hair-style-according-to-face-720x400.webp]
[aurahairstudio.ca/wp-content/uploads/2025/05/women-look-excited-for-hair-cut-720x400.webp]
[aurahairstudio.ca/wp-content/uploads/2025/04/women-hair-cutting-at-salon-720x400.webp]
[aurahairstudio.ca/blog/page/2/index.html]
[aurahairstudio.ca/wp-content/uploads/2025/04/women-long-blond-hairs-cutting-720x400.webp]
[aurahairstudio.ca/blog/page/3/index.html]
[aurahairstudio.ca/indexa00f.html]
[aurahairstudio.ca/indexc102.html]
[aurahairstudio.ca/how-often-should-you-cut-your-hair/index.html]
[aurahairstudio.ca/wp-json/wp/v2/users/11]
[aurahairstudio.ca/author/daniel/index.html]
[aurahairstudio.ca/author/daniel/feed/index.html]
[aurahairstudio.ca/how-much-does-a-womens-haircut-cost-in-innisfil/index.html]
[aurahairstudio.ca/author/daniel/page/2/index.html]
[aurahairstudio.ca/author/daniel/page/3/index.html]
[aurahairstudio.ca/category/women-hair-style/index.html]
[aurahairstudio.ca/wp-json/wp/v2/categories/860.json]
[aurahairstudio.ca/category/women-hair-style/feed/index.html]
[aurahairstudio.ca/wp-json/oembed/1.0/embed284a.json]
[aurahairstudio.ca/wp-json/oembed/1.0/embedf8fe]
[aurahairstudio.ca/wp-json/wp/v2/posts/63386.json]
[aurahairstudio.ca/wp-content/uploads/2025/10/washing-hair-extension.webp]
[aurahairstudio.ca/wp-content/uploads/2025/10/hair-extension-treatment-in-salon.webp]
[aurahairstudio.ca/how-to-maintain-hair-extensions/index.html]
[aurahairstudio.ca/tag/styling-short-hair/index.html]
[aurahairstudio.ca/index7a5f.html]
[aurahairstudio.ca/wp-json/wp/v2/tags/866.json]
[aurahairstudio.ca/tag/styling-short-hair/feed/index.html]
[aurahairstudio.ca/tag/hair-extensions/index.html]
[aurahairstudio.ca/category/hair-care/index.html]
[aurahairstudio.ca/category/hair-care/feed/index.html]
[aurahairstudio.ca/wp-json/wp/v2/categories/863.json]
[aurahairstudio.ca/tag/curly-hair-tips/index.html]
[aurahairstudio.ca/index0b27.html]
[aurahairstudio.ca/tag/curly-hair-tips/feed/index.html]
[aurahairstudio.ca/wp-json/wp/v2/tags/865.json]
[aurahairstudio.ca/wp-json/oembed/1.0/embed6a96.json]
[aurahairstudio.ca/wp-json/oembed/1.0/embed9d85]
[aurahairstudio.ca/wp-json/wp/v2/posts/63332.json]
[aurahairstudio.ca/wp-content/uploads/2025/07/trendy-look-to-choose-for-this-summer.webp]
[aurahairstudio.ca/wp-content/uploads/2025/07/ombre.webp]
[aurahairstudio.ca/wp-content/uploads/2025/07/cost-and-maintenance.webp]
[aurahairstudio.ca/wp-content/uploads/2025/07/swap-shampoo.webp]
[aurahairstudio.ca/balayage-vs-ombre-which-trendy-look-to-choose-for-this-summer/index.html]
[aurahairstudio.ca/wp-json/oembed/1.0/embed6922.json]
[aurahairstudio.ca/tag/balayage-vs-ombre/index.html]
[aurahairstudio.ca/wp-json/oembed/1.0/embed20fd]
[aurahairstudio.ca/wp-json/wp/v2/posts/63313.json]
[aurahairstudio.ca/wp-content/uploads/2025/06/blond-woman-with-long-curly-beautiful-hair.webp]
[aurahairstudio.ca/wp-content/uploads/2025/06/hairdresser-hands-applying-toning-shampoo-on-woman-hair.webp]
[aurahairstudio.ca/how-to-choose-the-right-hair-colour-for-your-skin-tone/index.html]
[aurahairstudio.ca/tag/choose-hair-color-by-skin-tone/index.html]
[aurahairstudio.ca/tag/maintain-blonde-hair/index.html]
[aurahairstudio.ca/xmlrpc0db0.php]
[aurahairstudio.ca/index0b19.html]
[aurahairstudio.ca/tag/maintain-blonde-hair/feed/index.html]
[aurahairstudio.ca/wp-json/wp/v2/tags/864.json]
[aurahairstudio.ca/booking/index.html]
[aurahairstudio.ca/category/hair-color/index.html]
[aurahairstudio.ca/wp-json/wp/v2/categories/844.json]
[aurahairstudio.ca/category/hair-color/feed/index.html]
[aurahairstudio.ca/tag/hair-colour-trends-in-2026/index.html]
[aurahairstudio.ca/index084d.html]
[aurahairstudio.ca/tag/hair-colour-trends-in-2026/feed/index.html]
[aurahairstudio.ca/wp-json/wp/v2/tags/862.json]
[aurahairstudio.ca/wp-json/oembed/1.0/embed5cb7.json]
[aurahairstudio.ca/wp-json/oembed/1.0/embeda17c]
[aurahairstudio.ca/wp-json/wp/v2/posts/63371.json]
[aurahairstudio.ca/wp-content/uploads/2025/09/professional-blowout-cost-in-innisfil.webp]
[aurahairstudio.ca/wp-content/uploads/2025/09/what-included-in-a-professional-blowout.webp]
[aurahairstudio.ca/wp-content/uploads/2025/09/is-a-blowout-worth-it.webp]
[aurahairstudio.ca/how-much-does-a-professional-blowout-cost-in-innisfil/index.html]
[aurahairstudio.ca/tag/blowout-cost/index.html]
[aurahairstudio.ca/tag/hair-styling-costs/index.html]
[aurahairstudio.ca/indexf91c.html]
[aurahairstudio.ca/tag/hair-styling-costs/feed/index.html]
[aurahairstudio.ca/wp-json/wp/v2/tags/861.json]
[aurahairstudio.ca/wp-json/wp/v2/categories/839.json]
[aurahairstudio.ca/category/women-haircut/feed/index.html]
[aurahairstudio.ca/wp-content/uploads/2025/10/layered-haircuts.webp]
[aurahairstudio.ca/wp-content/uploads/2025/07/get-a-haircut.webp]
[aurahairstudio.ca/tag/layered-haircuts/index.html]
[aurahairstudio.ca/wp-content/uploads/2025/07/haircut-in-innisfil.webp]
[aurahairstudio.ca/wp-content/uploads/2025/05/hair-style-according-to-face.webp]
[aurahairstudio.ca/wp-content/uploads/2025/05/women-look-excited-for-hair-cut.webp]
[aurahairstudio.ca/tag/haircut/index.html]
[aurahairstudio.ca/tag/best-haircuts-for-face-shape/index.html]
[aurahairstudio.ca/wp-content/uploads/2025/04/women-hair-cutting-at-salon.webp]
[aurahairstudio.ca/category/women-haircut/index.html]
[aurahairstudio.ca/tag/best-time-to-cut-hair/index.html]
[aurahairstudio.ca/tag/most-requested-haircuts/index.html]
[aurahairstudio.ca/category/women-haircut/page/2/index.html]
[aurahairstudio.ca/wp-json/oembed/1.0/embed2fff.json]
[aurahairstudio.ca/wp-json/oembed/1.0/embedd926]
[aurahairstudio.ca/wp-json/wp/v2/posts/63396.json]
[aurahairstudio.ca/wp-content/uploads/2025/10/best-layered-cuts-by-hair-type.webp]
[aurahairstudio.ca/wp-content/uploads/2025/10/revive-your-look-with-a-layered-cut.webp]
[aurahairstudio.ca/what-are-layered-haircuts/index.html]
[aurahairstudio.ca/wp-json/oembed/1.0/embed290e.json]
[aurahairstudio.ca/wp-json/oembed/1.0/embed115d]
[aurahairstudio.ca/wp-json/wp/v2/posts/63298.json]
[aurahairstudio.ca/wp-content/uploads/2025/05/long-layers-hairsyle-round-face-women.webp]
[aurahairstudio.ca/wp-content/uploads/2025/05/stylish-male-hairdresser-doing-haircut-to-a-bearded-man-in-a-barbershop.webp]
[aurahairstudio.ca/the-best-haircuts-for-your-face-shape/index.html]
[aurahairstudio.ca/tag/thick-curly-hair/index.html]
[aurahairstudio.ca/index2440.html]
[aurahairstudio.ca/tag/thick-curly-hair/feed/index.html]
[aurahairstudio.ca/wp-json/wp/v2/tags/858.json]
[aurahairstudio.ca/wp-json/wp/v2/categories/54.json]
[aurahairstudio.ca/category/blog-categories/feed/index.html]
[aurahairstudio.ca/wp-content/uploads/2025/08/extensions-101.webp]
[aurahairstudio.ca/wp-content/uploads/2025/08/expect-during-a-keratin-treatment.webp]
[aurahairstudio.ca/category/blog-categories/index.html]
[aurahairstudio.ca/tag/extensions-101/index.html]
[aurahairstudio.ca/tag/keratin-treatment/index.html]
[aurahairstudio.ca/tag/bridal-hair-trials/index.html]
[aurahairstudio.ca/index89a1.html]
[aurahairstudio.ca/tag/bridal-hair-trials/feed/index.html]
[aurahairstudio.ca/wp-json/wp/v2/tags/859.json]
[aurahairstudio.ca/wp-json/oembed/1.0/embed680b.json]
[aurahairstudio.ca/wp-json/oembed/1.0/embed8fac]
[aurahairstudio.ca/wp-json/wp/v2/posts/63318.json]
[aurahairstudio.ca/wp-content/uploads/2025/07/drives-the-cost-of-a-cut.webp]
[aurahairstudio.ca/wp-content/uploads/2025/07/maximize-your-haircut-budget.webp]
[aurahairstudio.ca/how-much-is-a-haircut-in-innisfil/index.html]
[aurahairstudio.ca/tag/aura-hair-studio-in-innisfil/index.html]
[aurahairstudio.ca/indexd64f.html]
[aurahairstudio.ca/tag/aura-hair-studio-in-innisfil/feed/index.html]
[aurahairstudio.ca/wp-json/wp/v2/tags/857.json]
[aurahairstudio.ca/wp-json/oembed/1.0/embed3795.json]
[aurahairstudio.ca/wp-json/oembed/1.0/embed61de]
[aurahairstudio.ca/wp-json/wp/v2/posts/63325.json]
[aurahairstudio.ca/wp-content/uploads/2025/07/damage-and-colour-treated-hair.webp]
[aurahairstudio.ca/wp-content/uploads/2025/07/Maintainyour-cut-between-appointments.webp]
[aurahairstudio.ca/how-often-should-you-get-a-haircut/index.html]
[aurahairstudio.ca/wp-json/oembed/1.0/embed67a6.json]
[aurahairstudio.ca/wp-json/oembed/1.0/embed450c]
[aurahairstudio.ca/wp-json/wp/v2/posts/63285.json]
[aurahairstudio.ca/wp-content/uploads/2025/04/curtain-bangs-with-long-layers.webp]
[aurahairstudio.ca/wp-content/uploads/2025/04/long-blunt-layers-hair-cut.webp]
[aurahairstudio.ca/10-most-requested-haircuts-in-2025/index.html]
[aurahairstudio.ca/tag/new-year-hairstyles/index.html]
[aurahairstudio.ca/indexb13d.html]
[aurahairstudio.ca/tag/new-year-hairstyles/feed/index.html]
[aurahairstudio.ca/wp-json/wp/v2/tags/856.json]
[aurahairstudio.ca/tag/cost-of-hair-colouring/index.html]
[aurahairstudio.ca/index36f2.html]
[aurahairstudio.ca/tag/cost-of-hair-colouring/feed/index.html]
[aurahairstudio.ca/wp-json/wp/v2/tags/855.json]
[aurahairstudio.ca/tag/choose-a-haircut/index.html]
[aurahairstudio.ca/index1565.html]
[aurahairstudio.ca/tag/choose-a-haircut/feed/index.html]
[aurahairstudio.ca/wp-json/wp/v2/tags/854.json]
[aurahairstudio.ca/category/uncategorized/index.html]
[aurahairstudio.ca/wp-json/wp/v2/categories/1.json]
[aurahairstudio.ca/category/uncategorized/feed/index.html]
[aurahairstudio.ca/wp-json/oembed/1.0/embed7292.json]
[aurahairstudio.ca/wp-json/oembed/1.0/embeded9b]
[aurahairstudio.ca/wp-json/wp/v2/posts/63354.json]
[aurahairstudio.ca/wp-content/uploads/2025/08/the-keratin-treatment-process.webp]
[aurahairstudio.ca/wp-content/uploads/2025/08/how-often-to-schedule-treatments.webp]
[aurahairstudio.ca/what-to-expect-during-a-keratin-treatment/index.html]
[aurahairstudio.ca/tag/sos-for-damaged-hair/index.html]
[aurahairstudio.ca/tag/sos-for-damaged-hair/feed/index.html]
[aurahairstudio.ca/wp-json/wp/v2/tags/853.json]
[aurahairstudio.ca/wp-json/oembed/1.0/embed2a6e.json]
[aurahairstudio.ca/wp-json/oembed/1.0/embed9582]
[aurahairstudio.ca/wp-json/wp/v2/posts/63363.json]
[aurahairstudio.ca/wp-content/uploads/2025/08/sew-in-extensions.webp]
[aurahairstudio.ca/wp-content/uploads/2025/08/right-extensions-for-your-lifestyle.webp]
[aurahairstudio.ca/wp-content/uploads/2025/08/why-choose-aura-hair-studio-for-extensions.webp]
[aurahairstudio.ca/extensions-101-which-type-is-best-for-you/index.html]
[aurahairstudio.ca/wp-json/oembed/1.0/embed407f.json]
[aurahairstudio.ca/wp-json/oembed/1.0/embedd9c1]
[aurahairstudio.ca/wp-json/wp/v2/posts/63290.json]
[aurahairstudio.ca/wp-content/uploads/2025/05/medium-length-hair-cut.webp]
[aurahairstudio.ca/wp-content/uploads/2026/02/thick-curly-hair-1024x461.webp]
[aurahairstudio.ca/how-often-should-you-cut-your-hair/index.html]
[aurahairstudio.ca/wp-json/oembed/1.0/embedaa09.json]
[aurahairstudio.ca/wp-json/oembed/1.0/embed1f59]
[aurahairstudio.ca/wp-json/wp/v2/posts/63280.json]
[aurahairstudio.ca/wp-content/uploads/2025/04/women-long-blond-hairs-cutting.webp]
[aurahairstudio.ca/wp-content/uploads/2025/04/women-hair-stylish-hair-cut.webp]
[aurahairstudio.ca/wp-content/uploads/2025/04/women-hair-cut-salon.webp]
[aurahairstudio.ca/how-much-does-a-womens-haircut-cost-in-innisfil/index.html]
[aurahairstudio.ca/author/daniel/page/2/index.html]
[aurahairstudio.ca/wp-json/wp/v2/users/11.json]
[aurahairstudio.ca/author/daniel/page/3/index.html]
[aurahairstudio.ca/index1916.html]
[aurahairstudio.ca/tag/price-for-women-haircut/index.html]
[aurahairstudio.ca/tag/hair-extensions/index.html]
[aurahairstudio.ca/index1ab3.html]
[aurahairstudio.ca/tag/hair-extensions/feed/index.html]
[aurahairstudio.ca/wp-json/wp/v2/tags/851.json]
[aurahairstudio.ca/tag/balayage-vs-ombre/index.html]
[aurahairstudio.ca/indexbbda.html]
[aurahairstudio.ca/tag/balayage-vs-ombre/feed/index.html]
[aurahairstudio.ca/wp-json/wp/v2/tags/847.json]
[aurahairstudio.ca/wp-json/oembed/1.0/embed1810.json]
[aurahairstudio.ca/wp-json/oembed/1.0/embed21eb]
[aurahairstudio.ca/wp-json/wp/v2/pages/63148.json]
[aurahairstudio.ca/wp-content/uploads/2024/11/v.8-blk.png]
[aurahairstudio.ca/booking/index.html]
[aurahairstudio.ca/tag/choose-hair-color-by-skin-tone/feed/index.html]
[aurahairstudio.ca/tag/choose-hair-color-by-skin-tone/index.html]
[aurahairstudio.ca/indexb177.html]
[aurahairstudio.ca/wp-json/wp/v2/tags/845.json]
[aurahairstudio.ca/tag/blowout-cost/index.html]
[aurahairstudio.ca/tag/blowout-cost/feed/index.html]
[aurahairstudio.ca/wp-json/wp/v2/tags/850.json]
[aurahairstudio.ca/tag/layered-haircuts/index.html]
[aurahairstudio.ca/tag/layered-haircuts/feed/index.html]
[aurahairstudio.ca/wp-json/wp/v2/tags/852.json]
[aurahairstudio.ca/tag/haircut/index.html]
[aurahairstudio.ca/tag/haircut/feed/index.html]
[aurahairstudio.ca/wp-json/wp/v2/tags/846.json]
[aurahairstudio.ca/tag/best-haircuts-for-face-shape/index.html]
[aurahairstudio.ca/tag/best-haircuts-for-face-shape/feed/index.html]
[aurahairstudio.ca/wp-json/wp/v2/tags/843.json]
[aurahairstudio.ca/tag/best-time-to-cut-hair/index.html]
[aurahairstudio.ca/tag/best-time-to-cut-hair/feed/index.html]
[aurahairstudio.ca/wp-json/wp/v2/tags/842.json]
[aurahairstudio.ca/tag/most-requested-haircuts/index.html]
[aurahairstudio.ca/category/women-haircut/page/2/index.html]
[aurahairstudio.ca/index73a4.html]
[aurahairstudio.ca/indexca9b.html]
[aurahairstudio.ca/tag/most-requested-haircuts/feed/index.html]
[aurahairstudio.ca/wp-json/wp/v2/tags/841.json]
[aurahairstudio.ca/tag/extensions-101/index.html]
[aurahairstudio.ca/wp-json/wp/v2/tags/849.json]
[aurahairstudio.ca/tag/extensions-101/feed/index.html]
[aurahairstudio.ca/tag/keratin-treatment/feed/index.html]
[aurahairstudio.ca/tag/keratin-treatment/index.html]
[aurahairstudio.ca/index3dec.html]
[aurahairstudio.ca/indexeebd.html]
[aurahairstudio.ca/indexb305.html]
[aurahairstudio.ca/index1dc9.html]
[aurahairstudio.ca/index56d2.html]
[aurahairstudio.ca/indexb2a6.html]
[aurahairstudio.ca/index2785.html]
[aurahairstudio.ca/wp-json/wp/v2/tags/848.json]
[aurahairstudio.ca/tag/price-for-women-haircut/index.html]
[aurahairstudio.ca/index57d7.html]
[aurahairstudio.ca/wp-json/wp/v2/tags/840.json]
[aurahairstudio.ca/tag/price-for-women-haircut/feed/index.html]
